Component: ARM Compiler 5.06 update 3 (build 300) Tool: armlink [4d35c9]

==============================================================================

Section Cross References

    main.o(i.check_for_continuation) refers to usart_helper.o(i.usart_write_simple) for usart_write_simple
    main.o(i.check_for_continuation) refers to usart_helper.o(i.usart_read_simple) for usart_read_simple
    main.o(i.check_for_continuation) refers to usart_helper.o(i.usart_real_time_write) for usart_real_time_write
    main.o(i.check_for_continuation) refers to helper.o(i.check_for_valid_input) for check_for_valid_input
    main.o(i.check_for_continuation) refers to helper.o(i.exit_program) for exit_program
    main.o(i.clear_results) refers to rt_memclr.o(.text) for __aeabi_memclr
    main.o(i.clear_results) refers to main.o(.bss) for measurement_results
    main.o(i.get_user_input) refers to usart_helper.o(i.usart_write_data_string) for usart_write_data_string
    main.o(i.get_user_input) refers to usart_helper.o(i.usart_read_simple) for usart_read_simple
    main.o(i.get_user_input) refers to usart_helper.o(i.usart_real_time_write) for usart_real_time_write
    main.o(i.get_user_input) refers to usart_helper.o(i.usart_write_simple) for usart_write_simple
    main.o(i.get_user_input) refers to helper.o(i.check_for_valid_input) for check_for_valid_input
    main.o(i.get_user_input) refers to atoi.o(.text) for atoi
    main.o(i.get_user_input) refers to main.o(.data) for lower_bound
    main.o(i.main) refers to sysclock.o(i.System_Clock_Init) for System_Clock_Init
    main.o(i.main) refers to led.o(i.LED_Init) for LED_Init
    main.o(i.main) refers to uart.o(i.UART2_Init) for UART2_Init
    main.o(i.main) refers to gpio.o(i.gpio_init) for gpio_init
    main.o(i.main) refers to timer.o(i.timer_init) for timer_init
    main.o(i.main) refers to main.o(i.post) for post
    main.o(i.main) refers to main.o(i.get_user_input) for get_user_input
    main.o(i.main) refers to main.o(i.take_measurements) for take_measurements
    main.o(i.main) refers to main.o(i.print_results) for print_results
    main.o(i.main) refers to main.o(i.check_for_continuation) for check_for_continuation
    main.o(i.main) refers to main.o(i.clear_results) for clear_results
    main.o(i.post) refers to usart_helper.o(i.usart_write_simple) for usart_write_simple
    main.o(i.post) refers to timer.o(i.start_capture) for start_capture
    main.o(i.post) refers to timer.o(i.get_current_measurement) for get_current_measurement
    main.o(i.post) refers to timer.o(i.measurement_detected) for measurement_detected
    main.o(i.post) refers to main.o(i.post_failed) for post_failed
    main.o(i.post) refers to timer.o(i.get_current_time) for get_current_time
    main.o(i.post) refers to timer.o(i.stop_capture) for stop_capture
    main.o(i.post) refers to main.o(.data) for initial_measurement
    main.o(i.post_failed) refers to usart_helper.o(i.usart_write_simple) for usart_write_simple
    main.o(i.post_failed) refers to usart_helper.o(i.usart_read_simple) for usart_read_simple
    main.o(i.post_failed) refers to usart_helper.o(i.usart_real_time_write) for usart_real_time_write
    main.o(i.post_failed) refers to helper.o(i.check_for_valid_input) for check_for_valid_input
    main.o(i.post_failed) refers to helper.o(i.exit_program) for exit_program
    main.o(i.post_failed) refers to timer.o(i.get_current_measurement) for get_current_measurement
    main.o(i.print_results) refers to usart_helper.o(i.usart_write_simple) for usart_write_simple
    main.o(i.print_results) refers to usart_helper.o(i.usart_write_data_string) for usart_write_data_string
    main.o(i.print_results) refers to main.o(.data) for lower_bound
    main.o(i.print_results) refers to main.o(.conststring) for .conststring
    main.o(i.print_results) refers to main.o(.bss) for measurement_results
    main.o(i.take_measurements) refers to usart_helper.o(i.usart_write_simple) for usart_write_simple
    main.o(i.take_measurements) refers to timer.o(i.start_capture) for start_capture
    main.o(i.take_measurements) refers to timer.o(i.measurement_detected) for measurement_detected
    main.o(i.take_measurements) refers to timer.o(i.get_current_measurement) for get_current_measurement
    main.o(i.take_measurements) refers to timer.o(i.stop_capture) for stop_capture
    main.o(i.take_measurements) refers to main.o(.data) for lower_bound
    main.o(i.take_measurements) refers to main.o(.bss) for measurement_results
    startup_stm32l476xx.o(STACK) refers (Special) to heapauxi.o(.text) for __use_two_region_memory
    startup_stm32l476xx.o(HEAP) refers (Special) to heapauxi.o(.text) for __use_two_region_memory
    startup_stm32l476xx.o(RESET) refers (Special) to heapauxi.o(.text) for __use_two_region_memory
    startup_stm32l476xx.o(RESET) refers to startup_stm32l476xx.o(STACK) for __initial_sp
    startup_stm32l476xx.o(RESET) refers to startup_stm32l476xx.o(.text) for Reset_Handler
[...]
    GPIO.c                                   0x00000000   Number         0  gpio.o ABSOLUTE
    GPIO.c                                   0x00000000   Number         0  gpio.o ABSOLUTE
    Helper.c                                 0x00000000   Number         0  helper.o ABSOLUTE
    Helper.c                                 0x00000000   Number         0  helper.o ABSOLUTE
    LED.c                                    0x00000000   Number         0  led.o ABSOLUTE
    LED.c                                    0x00000000   Number         0  led.o ABSOLUTE
    SysClock.c                               0x00000000   Number         0  sysclock.o ABSOLUTE
    SysClock.c                               0x00000000   Number         0  sysclock.o ABSOLUTE
    TIMER.c                                  0x00000000   Number         0  timer.o ABSOLUTE
    TIMER.c                                  0x00000000   Number         0  timer.o ABSOLUTE
    UART.c                                   0x00000000   Number         0  uart.o ABSOLUTE
    UART.c                                   0x00000000   Number         0  uart.o ABSOLUTE
    USART_Helper.c                           0x00000000   Number         0  usart_helper.o ABSOLUTE
    USART_Helper.c                           0x00000000   Number         0  usart_helper.o ABSOLUTE
    dc.s                                     0x00000000   Number         0  dc.o ABSOLUTE
    main.c                                   0x00000000   Number         0  main.o ABSOLUTE
    main.c                                   0x00000000   Number         0  main.o ABSOLUTE
    startup_stm32l476xx.s                    0x00000000   Number         0  startup_stm32l476xx.o ABSOLUTE
    RESET                                    0x08000000   Section      392  startup_stm32l476xx.o(RESET)
    !!!main                                  0x08000188   Section        8  __main.o(!!!main)
    !!!scatter                               0x08000190   Section       52  __scatter.o(!!!scatter)
    !!handler_copy                           0x080001c4   Section       26  __scatter_copy.o(!!handler_copy)
    !!handler_zi                             0x080001e0   Section       28  __scatter_zi.o(!!handler_zi)
    .ARM.Collect$$_printf_percent$$00000000  0x080001fc   Section        0  _printf_percent.o(.ARM.Collect$$_printf_percent$$00000000)
    .ARM.Collect$$_printf_percent$$00000001  0x080001fc   Section        6  _printf_n.o(.ARM.Collect$$_printf_percent$$00000001)
    .ARM.Collect$$_printf_percent$$00000002  0x08000202   Section        6  _printf_p.o(.ARM.Collect$$_printf_percent$$00000002)
    .ARM.Collect$$_printf_percent$$00000003  0x08000208   Section        6  _printf_f.o(.ARM.Collect$$_printf_percent$$00000003)
    .ARM.Collect$$_printf_percent$$00000004  0x0800020e   Section        6  _printf_e.o(.ARM.Collect$$_printf_percent$$00000004)
    .ARM.Collect$$_printf_percent$$00000005  0x08000214   Section        6  _printf_g.o(.ARM.Collect$$_printf_percent$$00000005)
    .ARM.Collect$$_printf_percent$$00000006  0x0800021a   Section        6  _printf_a.o(.ARM.Collect$$_printf_percent$$00000006)
    .ARM.Collect$$_printf_percent$$00000007  0x08000220   Section       10  _printf_ll.o(.ARM.Collect$$_printf_percent$$00000007)
    .ARM.Collect$$_printf_percent$$00000008  0x0800022a   Section        6  _printf_i.o(.ARM.Collect$$_printf_percent$$00000008)
    .ARM.Collect$$_printf_percent$$00000009  0x08000230   Section        6  _printf_d.o(.ARM.Collect$$_printf_percent$$00000009)
    .ARM.Collect$$_printf_percent$$0000000A  0x08000236   Section        6  _printf_u.o(.ARM.Collect$$_printf_percent$$0000000A)
    .ARM.Collect$$_printf_percent$$0000000B  0x0800023c   Section        6  _printf_o.o(.ARM.Collect$$_printf_percent$$0000000B)
    .ARM.Collect$$_printf_percent$$0000000C  0x08000242   Section        6  _printf_x.o(.ARM.Collect$$_printf_percent$$0000000C)
    .ARM.Collect$$_printf_percent$$0000000D  0x08000248   Section        6  _printf_lli.o(.ARM.Collect$$_printf_percent$$0000000D)
    .ARM.Collect$$_printf_percent$$0000000E  0x0800024e   Section        6  _printf_lld.o(.ARM.Collect$$_printf_percent$$0000000E)
    .ARM.Collect$$_printf_percent$$0000000F  0x08000254   Section        6  _printf_llu.o(.ARM.Collect$$_printf_percent$$0000000F)
    .ARM.Collect$$_printf_percent$$00000010  0x0800025a   Section        6  _printf_llo.o(.ARM.Collect$$_printf_percent$$00000010)
    .ARM.Collect$$_printf_percent$$00000011  0x08000260   Section        6  _printf_llx.o(.ARM.Collect$$_printf_percent$$00000011)
    .ARM.Collect$$_printf_percent$$00000012  0x08000266   Section       10  _printf_l.o(.ARM.Collect$$_printf_percent$$00000012)
    .ARM.Collect$$_printf_percent$$00000013  0x08000270   Section        6  _printf_c.o(.ARM.Collect$$_printf_percent$$00000013)
    .ARM.Collect$$_printf_percent$$00000014  0x08000276   Section        6  _printf_s.o(.ARM.Collect$$_printf_percent$$00000014)
    .ARM.Collect$$_printf_percent$$00000015  0x0800027c   Section        6  _printf_lc.o(.ARM.Collect$$_printf_percent$$00000015)
    .ARM.Collect$$_printf_percent$$00000016  0x08000282   Section        6  _printf_ls.o(.ARM.Collect$$_printf_percent$$00000016)
    .ARM.Collect$$_printf_percent$$00000017  0x08000288   Section        4  _printf_percent_end.o(.ARM.Collect$$_printf_percent$$00000017)
    .ARM.Collect$$libinit$$00000000          0x0800028c   Section        2  libinit.o(.ARM.Collect$$libinit$$00000000)
    .ARM.Collect$$libinit$$00000001          0x0800028e   Section        4  libinit2.o(.ARM.Collect$$libinit$$00000001)
    .ARM.Collect$$libinit$$00000004          0x08000292   Section        0  libinit2.o(.ARM.Collect$$libinit$$00000004)
    .ARM.Collect$$libinit$$00000005          0x08000292   Section        8  libinit2.o(.ARM.Collect$$libinit$$00000005)
    .ARM.Collect$$libinit$$0000000A          0x0800029a   Section        0  libinit2.o(.ARM.Collect$$libinit$$0000000A)
    .ARM.Collect$$libinit$$0000000C          0x0800029a   Section        0  libinit2.o(.ARM.Collect$$libinit$$0000000C)
    .ARM.Collect$$libinit$$0000000E          0x0800029a   Section        0  libinit2.o(.ARM.Collect$$libinit$$0000000E)
    .ARM.Collect$$libinit$$0000000F          0x0800029a   Section        6  libinit2.o(.ARM.Collect$$libinit$$0000000F)
    .ARM.Collect$$libinit$$00000011          0x080002a0   Section        0  libinit2.o(.ARM.Collect$$libinit$$00000011)
    .ARM.Collect$$libinit$$00000012          0x080002a0   Section       12  libinit2.o(.ARM.Collect$$libinit$$00000012)
    .ARM.Collect$$libinit$$00000013          0x080002ac   Section        0  libinit2.o(.ARM.Collect$$libinit$$00000013)
    .ARM.Collect$$libinit$$00000015          0x080002ac   Section        0  libinit2.o(.ARM.Collect$$libinit$$00000015)
    .ARM.Collect$$libinit$$00000016          0x080002ac   Section       10  libinit2.o(.ARM.Collect$$libinit$$00000016)
    .ARM.Collect$$libinit$$00000017          0x080002b6   Section        0  libinit2.o(.ARM.Collect$$libinit$$00000017)
    .ARM.Collect$$libinit$$00000019          0x080002b6   Section        0  libinit2.o(.ARM.Collect$$libinit$$00000019)
    .ARM.Collect$$libinit$$0000001B          0x080002b6   Section        0  libinit2.o(.ARM.Collect$$libinit$$0000001B)
    .ARM.Collect$$libinit$$0000001D          0x080002b6   Section        0  libinit2.o(.ARM.Collect$$libinit$$0000001D)
    .ARM.Collect$$libinit$$0000001F          0x080002b6   Section        0  libinit2.o(.ARM.Collect$$libinit$$0000001F)
    .ARM.Collect$$libinit$$00000021          0x080002b6   Section        0  libinit2.o(.ARM.Collect$$libinit$$00000021)
    .ARM.Collect$$libinit$$00000023          0x080002b6   Section        0  libinit2.o(.ARM.Collect$$libinit$$00000023)
    .ARM.Collect$$libinit$$00000025          0x080002b6   Section        0  libinit2.o(.ARM.Collect$$libinit$$00000025)
    .ARM.Collect$$libinit$$0000002C          0x080002b6   Section        0  libinit2.o(.ARM.Collect$$libinit$$0000002C)
    .ARM.Collect$$libinit$$0000002E          0x080002b6   Section        0  libinit2.o(.ARM.Collect$$libinit$$0000002E)
    .ARM.Collect$$libinit$$00000030          0x080002b6   Section        0  libinit2.o(.ARM.Collect$$libinit$$00000030)
    .ARM.Collect$$libinit$$00000032          0x080002b6   Section        0  libinit2.o(.ARM.Collect$$libinit$$00000032)
    .ARM.Collect$$libinit$$00000033          0x080002b6   Section        2  libinit2.o(.ARM.Collect$$libinit$$00000033)
    .ARM.Collect$$libshutdown$$00000000      0x080002b8   Section        2  libshutdown.o(.ARM.Collect$$libshutdown$$00000000)
    .ARM.Collect$$libshutdown$$00000002      0x080002ba   Section        0  libshutdown2.o(.ARM.Collect$$libshutdown$$00000002)
    .ARM.Collect$$libshutdown$$00000004      0x080002ba   Section        0  libshutdown2.o(.ARM.Collect$$libshutdown$$00000004)
    .ARM.Collect$$libshutdown$$00000007      0x080002ba   Section        0  libshutdown2.o(.ARM.Collect$$libshutdown$$00000007)
    .ARM.Collect$$libshutdown$$0000000A      0x080002ba   Section        0  libshutdown2.o(.ARM.Collect$$libshutdown$$0000000A)
    .ARM.Collect$$libshutdown$$0000000C      0x080002ba   Section        0  libshutdown2.o(.ARM.Collect$$libshutdown$$0000000C)
    .ARM.Collect$$libshutdown$$0000000F      0x080002ba   Section        0  libshutdown2.o(.ARM.Collect$$libshutdown$$0000000F)
    .ARM.Collect$$libshutdown$$00000010      0x080002ba   Section        2  libshutdown2.o(.ARM.Collect$$libshutdown$$00000010)
    .ARM.Collect$$rtentry$$00000000          0x080002bc   Section        0  __rtentry.o(.ARM.Collect$$rtentry$$00000000)
    .ARM.Collect$$rtentry$$00000002          0x080002bc   Section        0  __rtentry2.o(.ARM.Collect$$rtentry$$00000002)
    .ARM.Collect$$rtentry$$00000004          0x080002bc   Section        6  __rtentry4.o(.ARM.Collect$$rtentry$$00000004)
    .ARM.Collect$$rtentry$$00000009          0x080002c2   Section        0  __rtentry2.o(.ARM.Collect$$rtentry$$00000009)
    .ARM.Collect$$rtentry$$0000000A          0x080002c2   Section        4  __rtentry2.o(.ARM.Collect$$rtentry$$0000000A)
    .ARM.Collect$$rtentry$$0000000C          0x080002c6   Section        0  __rtentry2.o(.ARM.Collect$$rtentry$$0000000C)
    .ARM.Collect$$rtentry$$0000000D          0x080002c6   Section        8  __rtentry2.o(.ARM.Collect$$rtentry$$0000000D)
    .ARM.Collect$$rtexit$$00000000           0x080002ce   Section        2  rtexit.o(.ARM.Collect$$rtexit$$00000000)
    .ARM.Collect$$rtexit$$00000002           0x080002d0   Section        0  rtexit2.o(.ARM.Collect$$rtexit$$00000002)
    .ARM.Collect$$rtexit$$00000003           0x080002d0   Section        4  rtexit2.o(.ARM.Collect$$rtexit$$00000003)
    .ARM.Collect$$rtexit$$00000004           0x080002d4   Section        6  rtexit2.o(.ARM.Collect$$rtexit$$00000004)
    .emb_text                                0x080002dc   Section        0  maybetermalloc1.o(.emb_text)
    .text                                    0x080002dc   Section      132  startup_stm32l476xx.o(.text)
    $v0                                      0x080002dc   Number         0  startup_stm32l476xx.o(.text)
    .text                                    0x08000360   Section        0  h1_alloc.o(.text)
    .text                                    0x080003be   Section        0  h1_free.o(.text)
    .text                                    0x0800040c   Section        0  vsprintf.o(.text)
    .text                                    0x08000430   Section        0  atoi.o(.text)
    .text                                    0x0800044a   Section        0  strpbrk.o(.text)
    .text                                    0x08000468   Section        0  strcpy.o(.text)
    .text                                    0x080004b0   Section        0  strlen.o(.text)
    .text                                    0x080004ee   Section        0  strcat.o(.text)
    .text                                    0x08000506   Section       68  rt_memclr.o(.text)
    .text                                    0x0800054a   Section        0  heapauxi.o(.text)
    .text                                    0x08000550   Section        8  rt_heap_descriptor_intlibspace.o(.text)
    .text                                    0x08000558   Section        8  rt_errno_addr_intlibspace.o(.text)
    .text                                    0x08000560   Section        0  hguard.o(.text)
    .text                                    0x08000564   Section        0  init_alloc.o(.text)
    .text                                    0x080005ee   Section        0  h1_init.o(.text)
    .text                                    0x080005fc   Section        0  _printf_pad.o(.text)
    .text                                    0x0800064a   Section        0  _printf_truncate.o(.text)
    .text                                    0x0800066e   Section        0  _printf_str.o(.text)
    .text                                    0x080006c0   Section        0  _printf_dec.o(.text)
    .text                                    0x08000738   Section        0  _printf_charcount.o(.text)
    .text                                    0x08000760   Section        0  _printf_char_common.o(.text)
    _printf_input_char                       0x08000761   Thumb Code    10  _printf_char_common.o(.text)
    .text                                    0x08000790   Section        0  _sputc.o(.text)
    .text                                    0x0800079c   Section        0  _printf_wctomb.o(.text)
    .text                                    0x08000860   Section        0  _printf_longlong_dec.o(.text)
    .text                                    0x080008dc   Section        0  _printf_oct_int_ll.o(.text)
    _printf_longlong_oct_internal            0x080008dd   Thumb Code     0  _printf_oct_int_ll.o(.text)
    .text                                    0x0800094c   Section        0  _printf_hex_int_ll_ptr.o(.text)
    _printf_hex_common                       0x0800094d   Thumb Code     0  _printf_hex_int_ll_ptr.o(.text)
    .text                                    0x080009e0   Section        0  __printf_flags_ss_wp.o(.text)
    .text                                    0x08000b6e   Section        0  strtol.o(.text)
    .text                                    0x08000bde   Section       78  rt_memclr_w.o(.text)
    .text                                    0x08000c2c   Section        8  libspace.o(.text)
    .text                                    0x08000c34   Section       16  rt_ctype_table.o(.text)
    .text                                    0x08000c44   Section        0  h1_extend.o(.text)
    .text                                    0x08000c78   Section      138  lludiv10.o(.text)
    .text                                    0x08000d02   Section        0  _printf_intcommon.o(.text)
    .text                                    0x08000db4   Section        0  _printf_fp_dec.o(.text)
    _fp_digits                               0x08000db7   Thumb Code   428  _printf_fp_dec.o(.text)
    .text                                    0x080011d4   Section        0  _printf_fp_hex.o(.text)
    .text                                    0x080014d6   Section        0  _printf_char.o(.text)
    .text                                    0x08001502   Section        0  _printf_wchar.o(.text)
    .text                                    0x0800152e   Section        0  _strtoul.o(.text)
    .text                                    0x080015d2   Section        0  _wcrtomb.o(.text)
    .text                                    0x08001612   Section        0  defsig_rtmem_outer.o(.text)
    .text                                    0x08001620   Section        2  use_no_semi.o(.text)
    .text                                    0x08001622   Section       74  sys_stackheap_outer.o(.text)
    .text                                    0x08001622   Section        0  indicate_semi.o(.text)
    .text                                    0x0800166c   Section        8  rt_locale_intlibspace.o(.text)
    .text                                    0x08001674   Section        0  _printf_fp_infnan.o(.text)
    .text                                    0x080016f4   Section        0  _chval.o(.text)
    .text                                    0x08001710   Section        0  bigflt0.o(.text)
    .text                                    0x080017ec   Section        0  exit.o(.text)
    .text                                    0x080017fe   Section        0  defsig_exit.o(.text)
    .text                                    0x08001808   Section        0  defsig_rtmem_inner.o(.text)
    .text                                    0x08001858   Section        0  sys_exit.o(.text)
    .text                                    0x08001864   Section        0  defsig_general.o(.text)
    .text                                    0x08001898   Section      128  strcmpv7m.o(.text)
    .text                                    0x08001918   Section        0  sys_wrch.o(.text)
    CL$$btod_d2e                             0x08001926   Section       62  btod.o(CL$$btod_d2e)
    CL$$btod_d2e_denorm_low                  0x08001964   Section       70  btod.o(CL$$btod_d2e_denorm_low)
    CL$$btod_d2e_norm_op1                    0x080019aa   Section       96  btod.o(CL$$btod_d2e_norm_op1)
    CL$$btod_div_common                      0x08001a0a   Section      824  btod.o(CL$$btod_div_common)
    CL$$btod_e2e                             0x08001d42   Section      198  btod.o(CL$$btod_e2e)
    CL$$btod_ediv                            0x08001e08   Section       40  btod.o(CL$$btod_ediv)
    CL$$btod_emul                            0x08001e30   Section       40  btod.o(CL$$btod_emul)
    CL$$btod_mult_common                     0x08001e58   Section      580  btod.o(CL$$btod_mult_common)
    i.LED_Init                               0x0800209c   Section        0  led.o(i.LED_Init)
    i.System_Clock_Init                      0x08002138   Section        0  sysclock.o(i.System_Clock_Init)
    i.UART2_GPIO_Init                        0x080022bc   Section        0  uart.o(i.UART2_GPIO_Init)
    i.UART2_Init                             0x08002330   Section        0  uart.o(i.UART2_Init)
    i.USART_Delay                            0x08002370   Section        0  uart.o(i.USART_Delay)
    i.USART_Init                             0x08002384   Section        0  uart.o(i.USART_Init)
    i.USART_Read                             0x08002438   Section        0  uart.o(i.USART_Read)
    i.USART_Write                            0x0800244c   Section        0  uart.o(i.USART_Write)
    i.__ARM_fpclassify                       0x0800248c   Section        0  fpclassify.o(i.__ARM_fpclassify)
    i._is_digit                              0x080024bc   Section        0  __printf_wp.o(i._is_digit)
    i.check_for_continuation                 0x080024cc   Section        0  main.o(i.check_for_continuation)
    i.check_for_valid_input                  0x0800251c   Section        0  helper.o(i.check_for_valid_input)
    i.clear_results                          0x08002534   Section        0  main.o(i.clear_results)
    i.exit_program                           0x08002544   Section        0  helper.o(i.exit_program)
    i.get_current_measurement                0x08002564   Section        0  timer.o(i.get_current_measurement)
    i.get_current_time                       0x0800256c   Section        0  timer.o(i.get_current_time)
    i.get_user_input                         0x08002574   Section        0  main.o(i.get_user_input)
    i.gpio_init                              0x08002798   Section        0  gpio.o(i.gpio_init)
    i.main                                   0x080027cc   Section        0  main.o(i.main)
    i.measurement_detected                   0x080027fc   Section        0  timer.o(i.measurement_detected)
    i.post                                   0x08002808   Section        0  main.o(i.post)
    i.post_failed                            0x080028a0   Section        0  main.o(i.post_failed)
    i.print_results                          0x08002950   Section        0  main.o(i.print_results)
    i.start_capture                          0x080029c8   Section        0  timer.o(i.start_capture)
    i.stop_capture                           0x080029da   Section        0  timer.o(i.stop_capture)
    i.take_measurements                      0x080029ec   Section        0  main.o(i.take_measurements)
    i.timer_init                             0x08002a7c   Section        0  timer.o(i.timer_init)
    i.usart_read_simple                      0x08002abc   Section        0  usart_helper.o(i.usart_read_simple)
    i.usart_real_time_write                  0x08002acc   Section        0  usart_helper.o(i.usart_real_time_write)
    i.usart_write_data_string                0x08002af4   Section        0  usart_helper.o(i.usart_write_data_string)
    i.usart_write_simple                     0x08002b1c   Section        0  usart_helper.o(i.usart_write_simple)
    locale$$code                             0x08002b68   Section       44  lc_ctype_c.o(locale$$code)
    locale$$code                             0x08002b94   Section       44  lc_numeric_c.o(locale$$code)
    x$fpl$fpinit                             0x08002bc0   Section       10  fpinit.o(x$fpl$fpinit)
    $v0                                      0x08002bc0   Number         0  fpinit.o(x$fpl$fpinit)
    x$fpl$printf1                            0x08002bca   Section        4  printf1.o(x$fpl$printf1)
    $v0                                      0x08002bca   Number         0  printf1.o(x$fpl$printf1)
    x$fpl$printf2                            0x08002bce   Section        4  printf2.o(x$fpl$printf2)
    $v0                                      0x08002bce   Number         0  printf2.o(x$fpl$printf2)
    x$fpl$usenofp                            0x08002bd2   Section        0  usenofp.o(x$fpl$usenofp)
    .constdata                               0x08002bd4   Section        8  _printf_wctomb.o(.constdata)
    initial_mbstate                          0x08002bd4   Data           8  _printf_wctomb.o(.constdata)
    .constdata                               0x08002bdc   Section       40  _printf_hex_int_ll_ptr.o(.constdata)
    uc_hextab                                0x08002bdc   Data          20  _printf_hex_int_ll_ptr.o(.constdata)
    lc_hextab                                0x08002bf0   Data          20  _printf_hex_int_ll_ptr.o(.constdata)
    .constdata                               0x08002c04   Section       17  __printf_flags_ss_wp.o(.constdata)
    maptable                                 0x08002c04   Data          17  __printf_flags_ss_wp.o(.constdata)
    .constdata                               0x08002c15   Section       38  _printf_fp_hex.o(.constdata)
    lc_hextab                                0x08002c15   Data          19  _printf_fp_hex.o(.constdata)
    uc_hextab                                0x08002c28   Data          19  _printf_fp_hex.o(.constdata)
    .constdata                               0x08002c3c   Section      148  bigflt0.o(.constdata)
    tenpwrs_x                                0x08002c3c   Data          60  bigflt0.o(.constdata)
    tenpwrs_i                                0x08002c78   Data          64  bigflt0.o(.constdata)
    .conststring                             0x08002cd0   Section       81  main.o(.conststring)
    locale$$data                             0x08002d44   Section      272  lc_ctype_c.o(locale$$data)
    __lcctype_c_name                         0x08002d48   Data           2  lc_ctype_c.o(locale$$data)
    __lcctype_c_start                        0x08002d50   Data           0  lc_ctype_c.o(locale$$data)
    locale$$data                             0x08002e54   Section       28  lc_numeric_c.o(locale$$data)
    __lcctype_c_end                          0x08002e54   Data           0  lc_ctype_c.o(locale$$data)
    __lcnum_c_name                           0x08002e58   Data           2  lc_numeric_c.o(locale$$data)
    __lcnum_c_start                          0x08002e60   Data           0  lc_numeric_c.o(locale$$data)
    __lcnum_c_point                          0x08002e6c   Data           0  lc_numeric_c.o(locale$$data)
    __lcnum_c_thousands                      0x08002e6e   Data           0  lc_numeric_c.o(locale$$data)
    __lcnum_c_grouping                       0x08002e6f   Data           0  lc_numeric_c.o(locale$$data)
    __lcnum_c_end                            0x08002e70   Data           0  lc_numeric_c.o(locale$$data)
    .data                                    0x20000000   Section        8  main.o(.data)
    .bss                                     0x20000008   Section      202  main.o(.bss)
    .bss                                     0x200000d4   Section       96  libspace.o(.bss)
    HEAP                                     0x20000138   Section      512  startup_stm32l476xx.o(HEAP)
    Heap_Mem                                 0x20000138   Data         512  startup_stm32l476xx.o(HEAP)
    STACK                                    0x20000338   Section     1024  startup_stm32l476xx.o(STACK)
    Stack_Mem                                0x20000338   Data        1024  startup_stm32l476xx.o(STACK)
    __initial_sp                             0x20000738   Data           0  startup_stm32l476xx.o(STACK)

    Global Symbols

    Symbol Name                              Value     Ov Type        Size  Object(Section)

    BuildAttributes$$THM_ISAv4$E$P$D$K$B$S$7EM$VFPi3$EXTD16$VFPS$VFMA$PE$A:L22UL41UL21$X:L11$S22US41US21$IEEE1$IW$USESV6$~STKCKD$USESV7$~SHL$OTIME$ROPI$IEEEJ$EBA8$UX$STANDARDLIB$REQ8$PRES8$EABIv2 0x00000000   Number         0  anon$$obj.o ABSOLUTE
    Image$$ER_IROM1$$RW$$Length              0x00000000   Number         0  anon$$obj.o ABSOLUTE
    Image$$ER_IROM1$$ZI$$Length              0x00000000   Number         0  anon$$obj.o ABSOLUTE
    Image$$RW_IRAM1$$RO$$Length              0x00000000   Number         0  anon$$obj.o ABSOLUTE
    __ARM_use_no_argv                        0x00000000   Number         0  main.o ABSOLUTE
    _printf_flags                            0x00000000   Number         0  printf_stubs.o ABSOLUTE
    _printf_return_value                     0x00000000   Number         0  printf_stubs.o ABSOLUTE
    _printf_sizespec                         0x00000000   Number         0  printf_stubs.o ABSOLUTE
    _printf_widthprec                        0x00000000   Number         0  printf_stubs.o ABSOLUTE
    __ARM_exceptions_init                     - Undefined Weak Reference
    __alloca_initialize                       - Undefined Weak Reference
    __arm_preinit_                            - Undefined Weak Reference
    __cpp_initialize__aeabi_                  - Undefined Weak Reference
    __cxa_finalize                            - Undefined Weak Reference
    __sigvec_lookup                           - Undefined Weak Reference
    __user_heap_extent                        - Undefined Weak Reference
    _atexit_init                              - Undefined Weak Reference
    _call_atexit_fns                          - Undefined Weak Reference
    _clock_init                               - Undefined Weak Reference
    _fp_trap_init                             - Undefined Weak Reference
    _fp_trap_shutdown                         - Undefined Weak Reference
    _get_lc_collate                           - Undefined Weak Reference
    _get_lc_monetary                          - Undefined Weak Reference
    _get_lc_time                              - Undefined Weak Reference
    _getenv_init                              - Undefined Weak Reference
    _handle_redirection                       - Undefined Weak Reference
    _initio                                   - Undefined Weak Reference
    _mutex_acquire                            - Undefined Weak Reference
    _mutex_free                               - Undefined Weak Reference
    _mutex_release                            - Undefined Weak Reference
    _printf_mbtowc                            - Undefined Weak Reference
    _printf_wc                                - Undefined Weak Reference
    _rand_init                                - Undefined Weak Reference
    _signal_finish                            - Undefined Weak Reference
    _signal_init                              - Undefined Weak Reference
    _terminateio                              - Undefined Weak Reference
    Image$$RW_IRAM1$$Length                  0x00000008   Number         0  anon$$obj.o ABSOLUTE
    Image$$RW_IRAM1$$RW$$Length              0x00000008   Number         0  anon$$obj.o ABSOLUTE
    __Vectors_Size                           0x00000188   Number         0  startup_stm32l476xx.o ABSOLUTE
    Image$$RW_IRAM1$$ZI$$Length              0x00000730   Number         0  anon$$obj.o ABSOLUTE
    Image$$ER_IROM1$$RO$$Length              0x00002e70   Number         0  anon$$obj.o ABSOLUTE
    Image$$ER_IROM1$$RO$$Base                0x08000000   Number         0  anon$$obj.o ABSOLUTE
    Load$$ER_IROM1$$Base                     0x08000000   Number         0  anon$$obj.o ABSOLUTE
    __Vectors                                0x08000000   Data           4  startup_stm32l476xx.o(RESET)
    __Vectors_End                            0x08000188   Data           0  startup_stm32l476xx.o(RESET)
    __main                                   0x08000189   Thumb Code     8  __main.o(!!!main)
    __scatterload                            0x08000191   Thumb Code     0  __scatter.o(!!!scatter)
    __scatterload_rt2                        0x08000191   Thumb Code    44  __scatter.o(!!!scatter)
    __scatterload_rt2_thumb_only             0x08000191   Thumb Code     0  __scatter.o(!!!scatter)
    __scatterload_null                       0x0800019f   Thumb Code     0  __scatter.o(!!!scatter)
    __scatterload_copy                       0x080001c5   Thumb Code    26  __scatter_copy.o(!!handler_copy)
    __scatterload_zeroinit                   0x080001e1   Thumb Code    28  __scatter_zi.o(!!handler_zi)
    _printf_n                                0x080001fd   Thumb Code     0  _printf_n.o(.ARM.Collect$$_printf_percent$$00000001)
    _printf_percent                          0x080001fd   Thumb Code     0  _printf_percent.o(.ARM.Collect$$_printf_percent$$00000000)
    _printf_p                                0x08000203   Thumb Code     0  _printf_p.o(.ARM.Collect$$_printf_percent$$00000002)
    _printf_f                                0x08000209   Thumb Code     0  _printf_f.o(.ARM.Collect$$_printf_percent$$00000003)
    _printf_e                                0x0800020f   Thumb Code     0  _printf_e.o(.ARM.Collect$$_printf_percent$$00000004)
    _printf_g                                0x08000215   Thumb Code     0  _printf_g.o(.ARM.Collect$$_printf_percent$$00000005)
    _printf_a                                0x0800021b   Thumb Code     0  _printf_a.o(.ARM.Collect$$_printf_percent$$00000006)
    _printf_ll                               0x08000221   Thumb Code     0  _printf_ll.o(.ARM.Collect$$_printf_percent$$00000007)
    _printf_i                                0x0800022b   Thumb Code     0  _printf_i.o(.ARM.Collect$$_printf_percent$$00000008)
    _printf_d                                0x08000231   Thumb Code     0  _printf_d.o(.ARM.Collect$$_printf_percent$$00000009)
    _printf_u                                0x08000237   Thumb Code     0  _printf_u.o(.ARM.Collect$$_printf_percent$$0000000A)
    _printf_o                                0x0800023d   Thumb Code     0  _printf_o.o(.ARM.Collect$$_printf_percent$$0000000B)
    _printf_x                                0x08000243   Thumb Code     0  _printf_x.o(.ARM.Collect$$_printf_percent$$0000000C)
    _printf_lli                              0x08000249   Thumb Code     0  _printf_lli.o(.ARM.Collect$$_printf_percent$$0000000D)
    _printf_lld                              0x0800024f   Thumb Code     0  _printf_lld.o(.ARM.Collect$$_printf_percent$$0000000E)
    _printf_llu                              0x08000255   Thumb Code     0  _printf_llu.o(.ARM.Collect$$_printf_percent$$0000000F)
    _printf_llo                              0x0800025b   Thumb Code     0  _printf_llo.o(.ARM.Collect$$_printf_percent$$00000010)
    _printf_llx                              0x08000261   Thumb Code     0  _printf_llx.o(.ARM.Collect$$_printf_percent$$00000011)
    _printf_l                                0x08000267   Thumb Code     0  _printf_l.o(.ARM.Collect$$_printf_percent$$00000012)
    _printf_c                                0x08000271   Thumb Code     0  _printf_c.o(.ARM.Collect$$_printf_percent$$00000013)
    _printf_s                                0x08000277   Thumb Code     0  _printf_s.o(.ARM.Collect$$_printf_percent$$00000014)
    _printf_lc                               0x0800027d   Thumb Code     0  _printf_lc.o(.ARM.Collect$$_printf_percent$$00000015)
    _printf_ls                               0x08000283   Thumb Code     0  _printf_ls.o(.ARM.Collect$$_printf_percent$$00000016)
    _printf_percent_end                      0x08000289   Thumb Code     0  _printf_percent_end.o(.ARM.Collect$$_printf_percent$$00000017)
    __rt_lib_init                            0x0800028d   Thumb Code     0  libinit.o(.ARM.Collect$$libinit$$00000000)
    __rt_lib_init_fp_1                       0x0800028f   Thumb Code     0  libinit2.o(.ARM.Collect$$libinit$$00000001)
    __rt_lib_init_heap_2                     0x08000293   Thumb Code     0  libinit2.o(.ARM.Collect$$libinit$$00000005)
    __rt_lib_init_preinit_1                  0x08000293   Thumb Code     0  libinit2.o(.ARM.Collect$$libinit$$00000004)
    __rt_lib_init_heap_1                     0x0800029b   Thumb Code     0  libinit2.o(.ARM.Collect$$libinit$$0000000A)
    __rt_lib_init_lc_common                  0x0800029b   Thumb Code     0  libinit2.o(.ARM.Collect$$libinit$$0000000F)
    __rt_lib_init_rand_1                     0x0800029b   Thumb Code     0  libinit2.o(.ARM.Collect$$libinit$$0000000E)
    __rt_lib_init_user_alloc_1               0x0800029b   Thumb Code     0  libinit2.o(.ARM.Collect$$libinit$$0000000C)
    __rt_lib_init_lc_collate_1               0x080002a1   Thumb Code     0  libinit2.o(.ARM.Collect$$libinit$$00000011)
    __rt_lib_init_lc_ctype_2                 0x080002a1   Thumb Code     0  libinit2.o(.ARM.Collect$$libinit$$00000012)
    __rt_lib_init_lc_ctype_1                 0x080002ad   Thumb Code     0  libinit2.o(.ARM.Collect$$libinit$$00000013)
    __rt_lib_init_lc_monetary_1              0x080002ad   Thumb Code     0  libinit2.o(.ARM.Collect$$libinit$$00000015)
    __rt_lib_init_lc_numeric_2               0x080002ad   Thumb Code     0  libinit2.o(.ARM.Collect$$libinit$$00000016)
    __rt_lib_init_alloca_1                   0x080002b7   Thumb Code     0  libinit2.o(.ARM.Collect$$libinit$$0000002E)
    __rt_lib_init_argv_1                     0x080002b7   Thumb Code     0  libinit2.o(.ARM.Collect$$libinit$$0000002C)
    __rt_lib_init_atexit_1                   0x080002b7   Thumb Code     0  libinit2.o(.ARM.Collect$$libinit$$0000001B)
    __rt_lib_init_clock_1                    0x080002b7   Thumb Code     0  libinit2.o(.ARM.Collect$$libinit$$00000021)
    __rt_lib_init_cpp_1                      0x080002b7   Thumb Code     0  libinit2.o(.ARM.Collect$$libinit$$00000032)
    __rt_lib_init_exceptions_1               0x080002b7   Thumb Code     0  libinit2.o(.ARM.Collect$$libinit$$00000030)
    __rt_lib_init_fp_trap_1                  0x080002b7   Thumb Code     0  libinit2.o(.ARM.Collect$$libinit$$0000001F)
    __rt_lib_init_getenv_1                   0x080002b7   Thumb Code     0  libinit2.o(.ARM.Collect$$libinit$$00000023)
    __rt_lib_init_lc_numeric_1               0x080002b7   Thumb Code     0  libinit2.o(.ARM.Collect$$libinit$$00000017)
    __rt_lib_init_lc_time_1                  0x080002b7   Thumb Code     0  libinit2.o(.ARM.Collect$$libinit$$00000019)
    __rt_lib_init_return                     0x080002b7   Thumb Code     0  libinit2.o(.ARM.Collect$$libinit$$00000033)
    __rt_lib_init_signal_1                   0x080002b7   Thumb Code     0  libinit2.o(.ARM.Collect$$libinit$$0000001D)
    __rt_lib_init_stdio_1                    0x080002b7   Thumb Code     0  libinit2.o(.ARM.Collect$$libinit$$00000025)
    __rt_lib_shutdown                        0x080002b9   Thumb Code     0  libshutdown.o(.ARM.Collect$$libshutdown$$00000000)
    __rt_lib_shutdown_cpp_1                  0x080002bb   Thumb Code     0  libshutdown2.o(.ARM.Collect$$libshutdown$$00000002)
    __rt_lib_shutdown_fp_trap_1              0x080002bb   Thumb Code     0  libshutdown2.o(.ARM.Collect$$libshutdown$$00000007)
    __rt_lib_shutdown_heap_1                 0x080002bb   Thumb Code     0  libshutdown2.o(.ARM.Collect$$libshutdown$$0000000F)
    __rt_lib_shutdown_return                 0x080002bb   Thumb Code     0  libshutdown2.o(.ARM.Collect$$libshutdown$$00000010)
    __rt_lib_shutdown_signal_1               0x080002bb   Thumb Code     0  libshutdown2.o(.ARM.Collect$$libshutdown$$0000000A)
    __rt_lib_shutdown_stdio_1                0x080002bb   Thumb Code     0  libshutdown2.o(.ARM.Collect$$libshutdown$$00000004)
    __rt_lib_shutdown_user_alloc_1           0x080002bb   Thumb Code     0  libshutdown2.o(.ARM.Collect$$libshutdown$$0000000C)
    __rt_entry                               0x080002bd   Thumb Code     0  __rtentry.o(.ARM.Collect$$rtentry$$00000000)
    __rt_entry_presh_1                       0x080002bd   Thumb Code     0  __rtentry2.o(.ARM.Collect$$rtentry$$00000002)
    __rt_entry_sh                            0x080002bd   Thumb Code     0  __rtentry4.o(.ARM.Collect$$rtentry$$00000004)
    __rt_entry_li                            0x080002c3   Thumb Code     0  __rtentry2.o(.ARM.Collect$$rtentry$$0000000A)
    __rt_entry_postsh_1                      0x080002c3   Thumb Code     0  __rtentry2.o(.ARM.Collect$$rtentry$$00000009)
    __rt_entry_main                          0x080002c7   Thumb Code     0  __rtentry2.o(.ARM.Collect$$rtentry$$0000000D)
    __rt_entry_postli_1                      0x080002c7   Thumb Code     0  __rtentry2.o(.ARM.Collect$$rtentry$$0000000C)
    __rt_exit                                0x080002cf   Thumb Code     0  rtexit.o(.ARM.Collect$$rtexit$$00000000)
    __rt_exit_ls                             0x080002d1   Thumb Code     0  rtexit2.o(.ARM.Collect$$rtexit$$00000003)
    __rt_exit_prels_1                        0x080002d1   Thumb Code     0  rtexit2.o(.ARM.Collect$$rtexit$$00000002)
    __rt_exit_exit                           0x080002d5   Thumb Code     0  rtexit2.o(.ARM.Collect$$rtexit$$00000004)
    Reset_Handler                            0x080002dd   Thumb Code    60  startup_stm32l476xx.o(.text)
    _maybe_terminate_alloc                   0x080002dd   Thumb Code     0  maybetermalloc1.o(.emb_text)
    NMI_Handler                              0x08000319   Thumb Code     2  startup_stm32l476xx.o(.text)
    HardFault_Handler                        0x0800031b   Thumb Code     2  startup_stm32l476xx.o(.text)
    MemManage_Handler                        0x0800031d   Thumb Code     2  startup_stm32l476xx.o(.text)
    BusFault_Handler                         0x0800031f   Thumb Code     2  startup_stm32l476xx.o(.text)
    UsageFault_Handler                       0x08000321   Thumb Code     2  startup_stm32l476xx.o(.text)
    SVC_Handler                              0x08000323   Thumb Code     2  startup_stm32l476xx.o(.text)
    DebugMon_Handler                         0x08000325   Thumb Code     2  startup_stm32l476xx.o(.text)
    PendSV_Handler                           0x08000327   Thumb Code     2  startup_stm32l476xx.o(.text)
    SysTick_Handler                          0x08000329   Thumb Code     2  startup_stm32l476xx.o(.text)
    ADC1_2_IRQHandler                        0x0800032b   Thumb Code     0  startup_stm32l476xx.o(.text)
    ADC3_IRQHandler                          0x0800032b   Thumb Code     0  startup_stm32l476xx.o(.text)
    CAN1_RX0_IRQHandler                      0x0800032b   Thumb Code     0  startup_stm32l476xx.o(.text)
    CAN1_RX1_IRQHandler                      0x0800032b   Thumb Code     0  startup_stm32l476xx.o(.text)
    CAN1_SCE_IRQHandler                      0x0800032b   Thumb Code     0  startup_stm32l476xx.o(.text)
    CAN1_TX_IRQHandler                       0x0800032b   Thumb Code     0  startup_stm32l476xx.o(.text)
    COMP_IRQHandler                          0x0800032b   Thumb Code     0  startup_stm32l476xx.o(.text)
    DFSDM0_IRQHandler                        0x0800032b   Thumb Code     0  startup_stm32l476xx.o(.text)
    DFSDM1_IRQHandler                        0x0800032b   Thumb Code     0  startup_stm32l476xx.o(.text)
    DFSDM2_IRQHandler                        0x0800032b   Thumb Code     0  startup_stm32l476xx.o(.text)
    DFSDM3_IRQHandler                        0x0800032b   Thumb Code     0  startup_stm32l476xx.o(.text)
    DMA1_Channel1_IRQHandler                 0x0800032b   Thumb Code     0  startup_stm32l476xx.o(.text)
    DMA1_Channel2_IRQHandler                 0x0800032b   Thumb Code     0  startup_stm32l476xx.o(.text)
    DMA1_Channel3_IRQHandler                 0x0800032b   Thumb Code     0  startup_stm32l476xx.o(.text)
    DMA1_Channel4_IRQHandler                 0x0800032b   Thumb Code     0  startup_stm32l476xx.o(.text)
    DMA1_Channel5_IRQHandler                 0x0800032b   Thumb Code     0  startup_stm32l476xx.o(.text)
    DMA1_Channel6_IRQHandler                 0x0800032b   Thumb Code     0  startup_stm32l476xx.o(.text)
    DMA1_Channel7_IRQHandler                 0x0800032b   Thumb Code     0  startup_stm32l476xx.o(.text)
    DMA2_Channel1_IRQHandler                 0x0800032b   Thumb Code     0  startup_stm32l476xx.o(.text)
    DMA2_Channel2_IRQHandler                 0x0800032b   Thumb Code     0  startup_stm32l476xx.o(.text)
    DMA2_Channel3_IRQHandler                 0x0800032b   Thumb Code     0  startup_stm32l476xx.o(.text)
    DMA2_Channel4_IRQHandler                 0x0800032b   Thumb Code     0  startup_stm32l476xx.o(.text)
    DMA2_Channel5_IRQHandler                 0x0800032b   Thumb Code     0  startup_stm32l476xx.o(.text)
    DMA2_Channel6_IRQHandler                 0x0800032b   Thumb Code     0  startup_stm32l476xx.o(.text)
    DMA2_Channel7_IRQHandler                 0x0800032b   Thumb Code     0  startup_stm32l476xx.o(.text)
    EXTI0_IRQHandler                         0x0800032b   Thumb Code     0  startup_stm32l476xx.o(.text)
    EXTI15_10_IRQHandler                     0x0800032b   Thumb Code     0  startup_stm32l476xx.o(.text)
    EXTI1_IRQHandler                         0x0800032b   Thumb Code     0  startup_stm32l476xx.o(.text)
    EXTI2_IRQHandler                         0x0800032b   Thumb Code     0  startup_stm32l476xx.o(.text)
    EXTI3_IRQHandler                         0x0800032b   Thumb Code     0  startup_stm32l476xx.o(.text)
    EXTI4_IRQHandler                         0x0800032b   Thumb Code     0  startup_stm32l476xx.o(.text)
    EXTI9_5_IRQHandler                       0x0800032b   Thumb Code     0  startup_stm32l476xx.o(.text)
    FLASH_IRQHandler                         0x0800032b   Thumb Code     0  startup_stm32l476xx.o(.text)
    FMC_IRQHandler                           0x0800032b   Thumb Code     0  startup_stm32l476xx.o(.text)
    FPU_IRQHandler                           0x0800032b   Thumb Code     0  startup_stm32l476xx.o(.text)
    I2C1_ER_IRQHandler                       0x0800032b   Thumb Code     0  startup_stm32l476xx.o(.text)
    I2C1_EV_IRQHandler                       0x0800032b   Thumb Code     0  startup_stm32l476xx.o(.text)
    I2C2_ER_IRQHandler                       0x0800032b   Thumb Code     0  startup_stm32l476xx.o(.text)
    I2C2_EV_IRQHandler                       0x0800032b   Thumb Code     0  startup_stm32l476xx.o(.text)
    I2C3_ER_IRQHandler                       0x0800032b   Thumb Code     0  startup_stm32l476xx.o(.text)
    I2C3_EV_IRQHandler                       0x0800032b   Thumb Code     0  startup_stm32l476xx.o(.text)
    LCD_IRQHandler                           0x0800032b   Thumb Code     0  startup_stm32l476xx.o(.text)
    LPTIM1_IRQHandler                        0x0800032b   Thumb Code     0  startup_stm32l476xx.o(.text)
    LPTIM2_IRQHandler                        0x0800032b   Thumb Code     0  startup_stm32l476xx.o(.text)
    LPUART1_IRQHandler                       0x0800032b   Thumb Code     0  startup_stm32l476xx.o(.text)
    OTG_FS_IRQHandler                        0x0800032b   Thumb Code     0  startup_stm32l476xx.o(.text)
    PVD_PVM_IRQHandler                       0x0800032b   Thumb Code     0  startup_stm32l476xx.o(.text)
    QUADSPI_IRQHandler                       0x0800032b   Thumb Code     0  startup_stm32l476xx.o(.text)
    RCC_IRQHandler                           0x0800032b   Thumb Code     0  startup_stm32l476xx.o(.text)
    RNG_IRQHandler                           0x0800032b   Thumb Code     0  startup_stm32l476xx.o(.text)
    RTC_Alarm_IRQHandler                     0x0800032b   Thumb Code     0  startup_stm32l476xx.o(.text)
    RTC_WKUP_IRQHandler                      0x0800032b   Thumb Code     0  startup_stm32l476xx.o(.text)
    SAI1_IRQHandler                          0x0800032b   Thumb Code     0  startup_stm32l476xx.o(.text)
    SAI2_IRQHandler                          0x0800032b   Thumb Code     0  startup_stm32l476xx.o(.text)
    SDMMC1_IRQHandler                        0x0800032b   Thumb Code     0  startup_stm32l476xx.o(.text)
    SPI1_IRQHandler                          0x0800032b   Thumb Code     0  startup_stm32l476xx.o(.text)
    SPI2_IRQHandler                          0x0800032b   Thumb Code     0  startup_stm32l476xx.o(.text)
    SPI3_IRQHandler                          0x0800032b   Thumb Code     0  startup_stm32l476xx.o(.text)
    SWPMI1_IRQHandler                        0x0800032b   Thumb Code     0  startup_stm32l476xx.o(.text)
    TAMP_STAMP_IRQHandler                    0x0800032b   Thumb Code     0  startup_stm32l476xx.o(.text)
    TIM1_BRK_TIM15_IRQHandler                0x0800032b   Thumb Code     0  startup_stm32l476xx.o(.text)
    TIM1_CC_IRQHandler                       0x0800032b   Thumb Code     0  startup_stm32l476xx.o(.text)
    TIM1_TRG_COM_TIM17_IRQHandler            0x0800032b   Thumb Code     0  startup_stm32l476xx.o(.text)
    TIM1_UP_TIM16_IRQHandler                 0x0800032b   Thumb Code     0  startup_stm32l476xx.o(.text)
    TIM2_IRQHandler                          0x0800032b   Thumb Code     0  startup_stm32l476xx.o(.text)
    TIM3_IRQHandler                          0x0800032b   Thumb Code     0  startup_stm32l476xx.o(.text)
    TIM4_IRQHandler                          0x0800032b   Thumb Code     0  startup_stm32l476xx.o(.text)
    TIM5_IRQHandler                          0x0800032b   Thumb Code     0  startup_stm32l476xx.o(.text)
    TIM6_DAC_IRQHandler                      0x0800032b   Thumb Code     0  startup_stm32l476xx.o(.text)
    TIM7_IRQHandler                          0x0800032b   Thumb Code     0  startup_stm32l476xx.o(.text)
    TIM8_BRK_IRQHandler                      0x0800032b   Thumb Code     0  startup_stm32l476xx.o(.text)
    TIM8_CC_IRQHandler                       0x0800032b   Thumb Code     0  startup_stm32l476xx.o(.text)
    TIM8_TRG_COM_IRQHandler                  0x0800032b   Thumb Code     0  startup_stm32l476xx.o(.text)
    TIM8_UP_IRQHandler                       0x0800032b   Thumb Code     0  startup_stm32l476xx.o(.text)
    TSC_IRQHandler                           0x0800032b   Thumb Code     0  startup_stm32l476xx.o(.text)
    UART4_IRQHandler                         0x0800032b   Thumb Code     0  startup_stm32l476xx.o(.text)
    UART5_IRQHandler                         0x0800032b   Thumb Code     0  startup_stm32l476xx.o(.text)
    USART1_IRQHandler                        0x0800032b   Thumb Code     0  startup_stm32l476xx.o(.text)
    USART2_IRQHandler                        0x0800032b   Thumb Code     0  startup_stm32l476xx.o(.text)
    USART3_IRQHandler                        0x0800032b   Thumb Code     0  startup_stm32l476xx.o(.text)
    WWDG_IRQHandler                          0x0800032b   Thumb Code     0  startup_stm32l476xx.o(.text)
    __user_initial_stackheap                 0x0800032d   Thumb Code     0  startup_stm32l476xx.o(.text)
    malloc                                   0x08000361   Thumb Code    94  h1_alloc.o(.text)
    free                                     0x080003bf   Thumb Code    78  h1_free.o(.text)
    vsprintf                                 0x0800040d   Thumb Code    32  vsprintf.o(.text)
    atoi                                     0x08000431   Thumb Code    26  atoi.o(.text)
    strpbrk                                  0x0800044b   Thumb Code    30  strpbrk.o(.text)
    strcpy                                   0x08000469   Thumb Code    72  strcpy.o(.text)
    strlen                                   0x080004b1   Thumb Code    62  strlen.o(.text)
    strcat                                   0x080004ef   Thumb Code    24  strcat.o(.text)
    __aeabi_memclr                           0x08000507   Thumb Code     0  rt_memclr.o(.text)
    __rt_memclr                              0x08000507   Thumb Code    68  rt_memclr.o(.text)
    _memset                                  0x0800050b   Thumb Code     0  rt_memclr.o(.text)
    __use_two_region_memory                  0x0800054b   Thumb Code     2  heapauxi.o(.text)
    __rt_heap_escrow                         0x0800054d   Thumb Code     2  heapauxi.o(.text)
    __rt_heap_expand                         0x0800054f   Thumb Code     2  heapauxi.o(.text)
    __rt_heap_descriptor                     0x08000551   Thumb Code     8  rt_heap_descriptor_intlibspace.o(.text)
    __aeabi_errno_addr                       0x08000559   Thumb Code     8  rt_errno_addr_intlibspace.o(.text)
    __errno$intlibspace                      0x08000559   Thumb Code     0  rt_errno_addr_intlibspace.o(.text)
    __rt_errno_addr$intlibspace              0x08000559   Thumb Code     0  rt_errno_addr_intlibspace.o(.text)
    __use_no_heap                            0x08000561   Thumb Code     2  hguard.o(.text)
    __heap$guard                             0x08000563   Thumb Code     2  hguard.o(.text)
    _terminate_user_alloc                    0x08000565   Thumb Code     2  init_alloc.o(.text)
    _init_user_alloc                         0x08000567   Thumb Code     2  init_alloc.o(.text)
    __Heap_Full                              0x08000569   Thumb Code    34  init_alloc.o(.text)
    __Heap_Broken                            0x0800058b   Thumb Code     6  init_alloc.o(.text)
    _init_alloc                              0x08000591   Thumb Code    94  init_alloc.o(.text)
    __Heap_Initialize                        0x080005ef   Thumb Code    10  h1_init.o(.text)
    __Heap_DescSize                          0x080005f9   Thumb Code     4  h1_init.o(.text)
    _printf_pre_padding                      0x080005fd   Thumb Code    44  _printf_pad.o(.text)
    _printf_post_padding                     0x08000629   Thumb Code    34  _printf_pad.o(.text)
    _printf_truncate_signed                  0x0800064b   Thumb Code    18  _printf_truncate.o(.text)
    _printf_truncate_unsigned                0x0800065d   Thumb Code    18  _printf_truncate.o(.text)
    _printf_str                              0x0800066f   Thumb Code    82  _printf_str.o(.text)
    _printf_int_dec                          0x080006c1   Thumb Code   104  _printf_dec.o(.text)
    _printf_charcount                        0x08000739   Thumb Code    40  _printf_charcount.o(.text)
    _printf_char_common                      0x0800076b   Thumb Code    32  _printf_char_common.o(.text)
    _sputc                                   0x08000791   Thumb Code    10  _sputc.o(.text)
    _printf_wctomb                           0x0800079d   Thumb Code   182  _printf_wctomb.o(.text)
    _printf_longlong_dec                     0x08000861   Thumb Code   108  _printf_longlong_dec.o(.text)
    _printf_longlong_oct                     0x080008dd   Thumb Code    68  _printf_oct_int_ll.o(.text)
    _printf_int_oct                          0x08000921   Thumb Code    24  _printf_oct_int_ll.o(.text)
    _printf_ll_oct                           0x08000939   Thumb Code    12  _printf_oct_int_ll.o(.text)
    _printf_longlong_hex                     0x0800094d   Thumb Code    86  _printf_hex_int_ll_ptr.o(.text)
    _printf_int_hex                          0x080009a3   Thumb Code    28  _printf_hex_int_ll_ptr.o(.text)
    _printf_ll_hex                           0x080009bf   Thumb Code    12  _printf_hex_int_ll_ptr.o(.text)
    _printf_hex_ptr                          0x080009cb   Thumb Code    18  _printf_hex_int_ll_ptr.o(.text)
    __printf                                 0x080009e1   Thumb Code   388  __printf_flags_ss_wp.o(.text)
    strtol                                   0x08000b6f   Thumb Code   112  strtol.o(.text)
    __aeabi_memclr4                          0x08000bdf   Thumb Code     0  rt_memclr_w.o(.text)
    __aeabi_memclr8                          0x08000bdf   Thumb Code     0  rt_memclr_w.o(.text)
    __rt_memclr_w                            0x08000bdf   Thumb Code    78  rt_memclr_w.o(.text)
    _memset_w                                0x08000be3   Thumb Code     0  rt_memclr_w.o(.text)
    __user_libspace                          0x08000c2d   Thumb Code     8  libspace.o(.text)
    __user_perproc_libspace                  0x08000c2d   Thumb Code     0  libspace.o(.text)
    __user_perthread_libspace                0x08000c2d   Thumb Code     0  libspace.o(.text)
    __rt_ctype_table                         0x08000c35   Thumb Code    16  rt_ctype_table.o(.text)
    __Heap_ProvideMemory                     0x08000c45   Thumb Code    52  h1_extend.o(.text)
    _ll_udiv10                               0x08000c79   Thumb Code   138  lludiv10.o(.text)
    _printf_int_common                       0x08000d03   Thumb Code   178  _printf_intcommon.o(.text)
    __lib_sel_fp_printf                      0x08000db5   Thumb Code     2  _printf_fp_dec.o(.text)
    _printf_fp_dec_real                      0x08000f63   Thumb Code   620  _printf_fp_dec.o(.text)
    _printf_fp_hex_real                      0x080011d5   Thumb Code   756  _printf_fp_hex.o(.text)
    _printf_cs_common                        0x080014d7   Thumb Code    20  _printf_char.o(.text)
    _printf_char                             0x080014eb   Thumb Code    16  _printf_char.o(.text)
    _printf_string                           0x080014fb   Thumb Code     8  _printf_char.o(.text)
    _printf_lcs_common                       0x08001503   Thumb Code    20  _printf_wchar.o(.text)
    _printf_wchar                            0x08001517   Thumb Code    16  _printf_wchar.o(.text)
    _printf_wstring                          0x08001527   Thumb Code     8  _printf_wchar.o(.text)
    _strtoul                                 0x0800152f   Thumb Code   158  _strtoul.o(.text)
    _wcrtomb                                 0x080015d3   Thumb Code    64  _wcrtomb.o(.text)
    __rt_SIGRTMEM                            0x08001613   Thumb Code    14  defsig_rtmem_outer.o(.text)
    __I$use$semihosting                      0x08001621   Thumb Code     0  use_no_semi.o(.text)
    __use_no_semihosting_swi                 0x08001621   Thumb Code     2  use_no_semi.o(.text)
    __semihosting_library_function           0x08001623   Thumb Code     0  indicate_semi.o(.text)
    __user_setup_stackheap                   0x08001623   Thumb Code    74  sys_stackheap_outer.o(.text)
    __rt_locale                              0x0800166d   Thumb Code     8  rt_locale_intlibspace.o(.text)
    _printf_fp_infnan                        0x08001675   Thumb Code   112  _printf_fp_infnan.o(.text)
    _chval                                   0x080016f5   Thumb Code    28  _chval.o(.text)
    _btod_etento                             0x08001711   Thumb Code   216  bigflt0.o(.text)
    exit                                     0x080017ed   Thumb Code    18  exit.o(.text)
    __sig_exit                               0x080017ff   Thumb Code    10  defsig_exit.o(.text)
    __rt_SIGRTMEM_inner                      0x08001809   Thumb Code    22  defsig_rtmem_inner.o(.text)
    _sys_exit                                0x08001859   Thumb Code     8  sys_exit.o(.text)
    __default_signal_display                 0x08001865   Thumb Code    50  defsig_general.o(.text)
    strcmp                                   0x08001899   Thumb Code   128  strcmpv7m.o(.text)
    _ttywrch                                 0x08001919   Thumb Code    14  sys_wrch.o(.text)
    _btod_d2e                                0x08001927   Thumb Code    62  btod.o(CL$$btod_d2e)
    _d2e_denorm_low                          0x08001965   Thumb Code    70  btod.o(CL$$btod_d2e_denorm_low)
    _d2e_norm_op1                            0x080019ab   Thumb Code    96  btod.o(CL$$btod_d2e_norm_op1)
    __btod_div_common                        0x08001a0b   Thumb Code   696  btod.o(CL$$btod_div_common)
    _e2e                                     0x08001d43   Thumb Code   198  btod.o(CL$$btod_e2e)
    _btod_ediv                               0x08001e09   Thumb Code    40  btod.o(CL$$btod_ediv)
    _btod_emul                               0x08001e31   Thumb Code    40  btod.o(CL$$btod_emul)
    __btod_mult_common                       0x08001e59   Thumb Code   580  btod.o(CL$$btod_mult_common)
    LED_Init                                 0x0800209d   Thumb Code   144  led.o(i.LED_Init)
    System_Clock_Init                        0x08002139   Thumb Code   380  sysclock.o(i.System_Clock_Init)
    UART2_GPIO_Init                          0x080022bd   Thumb Code   106  uart.o(i.UART2_GPIO_Init)
    UART2_Init                               0x08002331   Thumb Code    54  uart.o(i.UART2_Init)
    USART_Delay                              0x08002371   Thumb Code    20  uart.o(i.USART_Delay)
    USART_Init                               0x08002385   Thumb Code   168  uart.o(i.USART_Init)
    USART_Read                               0x08002439   Thumb Code    20  uart.o(i.USART_Read)
    USART_Write                              0x0800244d   Thumb Code    64  uart.o(i.USART_Write)
    __ARM_fpclassify                         0x0800248d   Thumb Code    48  fpclassify.o(i.__ARM_fpclassify)
    _is_digit                                0x080024bd   Thumb Code    14  __printf_wp.o(i._is_digit)
    check_for_continuation                   0x080024cd   Thumb Code    40  main.o(i.check_for_continuation)
    check_for_valid_input                    0x0800251d   Thumb Code    24  helper.o(i.check_for_valid_input)
    clear_results                            0x08002535   Thumb Code    12  main.o(i.clear_results)
    exit_program                             0x08002545   Thumb Code    10  helper.o(i.exit_program)
    get_current_measurement                  0x08002565   Thumb Code     8  timer.o(i.get_current_measurement)
    get_current_time                         0x0800256d   Thumb Code     8  timer.o(i.get_current_time)
    get_user_input                           0x08002575   Thumb Code   280  main.o(i.get_user_input)
    gpio_init                                0x08002799   Thumb Code    48  gpio.o(i.gpio_init)
    main                                     0x080027cd   Thumb Code    48  main.o(i.main)
    measurement_detected                     0x080027fd   Thumb Code    12  timer.o(i.measurement_detected)
    post                                     0x08002809   Thumb Code   106  main.o(i.post)
    post_failed                              0x080028a1   Thumb Code    90  main.o(i.post_failed)
    print_results                            0x08002951   Thumb Code    60  main.o(i.print_results)
    start_capture                            0x080029c9   Thumb Code    18  timer.o(i.start_capture)
    stop_capture                             0x080029db   Thumb Code    16  timer.o(i.stop_capture)
    take_measurements                        0x080029ed   Thumb Code   112  main.o(i.take_measurements)
    timer_init                               0x08002a7d   Thumb Code    58  timer.o(i.timer_init)
    usart_read_simple                        0x08002abd   Thumb Code    10  usart_helper.o(i.usart_read_simple)
    usart_real_time_write                    0x08002acd   Thumb Code    32  usart_helper.o(i.usart_real_time_write)
    usart_write_data_string                  0x08002af5   Thumb Code    40  usart_helper.o(i.usart_write_data_string)
    usart_write_simple                       0x08002b1d   Thumb Code    66  usart_helper.o(i.usart_write_simple)
    _get_lc_ctype                            0x08002b69   Thumb Code    44  lc_ctype_c.o(locale$$code)
    _get_lc_numeric                          0x08002b95   Thumb Code    44  lc_numeric_c.o(locale$$code)
    _fp_init                                 0x08002bc1   Thumb Code    10  fpinit.o(x$fpl$fpinit)
    __fplib_config_fpu_vfp                   0x08002bc9   Thumb Code     0  fpinit.o(x$fpl$fpinit)
    __fplib_config_pureend_doubles           0x08002bc9   Thumb Code     0  fpinit.o(x$fpl$fpinit)
    _printf_fp_dec                           0x08002bcb   Thumb Code     4  printf1.o(x$fpl$printf1)
    _printf_fp_hex                           0x08002bcf   Thumb Code     4  printf2.o(x$fpl$printf2)
    __I$use$fp                               0x08002bd2   Number         0  usenofp.o(x$fpl$usenofp)
    Region$$Table$$Base                      0x08002d24   Number         0  anon$$obj.o(Region$$Table)
    Region$$Table$$Limit                     0x08002d44   Number         0  anon$$obj.o(Region$$Table)
    __ctype                                  0x08002d51   Data           0  lc_ctype_c.o(locale$$data)
    Image$$ER_IROM1$$RO$$Limit               0x08002e70   Number         0  anon$$obj.o ABSOLUTE
    Image$$ER_IROM1$$RW$$Base                0x08002e70   Number         0  anon$$obj.o ABSOLUTE
    Image$$ER_IROM1$$RW$$Limit               0x08002e70   Number         0  anon$$obj.o ABSOLUTE
    Image$$ER_IROM1$$ZI$$Base                0x08002e70   Number         0  anon$$obj.o ABSOLUTE
    Image$$ER_IROM1$$ZI$$Limit               0x08002e70   Number         0  anon$$obj.o ABSOLUTE
    Load$$RW_IRAM1$$Base                     0x08002e70   Number         0  anon$$obj.o ABSOLUTE
    Image$$RW_IRAM1$$Base                    0x20000000   Number         0  anon$$obj.o ABSOLUTE
    Image$$RW_IRAM1$$RO$$Base                0x20000000   Number         0  anon$$obj.o ABSOLUTE
    Image$$RW_IRAM1$$RW$$Base                0x20000000   Number         0  anon$$obj.o ABSOLUTE
    initial_measurement                      0x20000000   Data           4  main.o(.data)
    lower_bound                              0x20000004   Data           4  main.o(.data)
    Image$$RW_IRAM1$$Limit                   0x20000008   Number         0  anon$$obj.o ABSOLUTE
    Image$$RW_IRAM1$$RW$$Limit               0x20000008   Number         0  anon$$obj.o ABSOLUTE
    Image$$RW_IRAM1$$ZI$$Base                0x20000008   Number         0  anon$$obj.o ABSOLUTE
    measurement_results                      0x20000008   Data         202  main.o(.bss)
    __libspace_start                         0x200000d4   Data          96  libspace.o(.bss)
    __temporary_stack_top$libspace           0x20000134   Data           0  libspace.o(.bss)
    Image$$RW_IRAM1$$ZI$$Limit               0x20000738   Number         0  anon$$obj.o ABSOLUTE



==============================================================================

Memory Map of the image

  Image Entry point : 0x08000189

  Load Region LR_IROM1 (Base: 0x08000000, Size: 0x00002e78, Max: 0x00100000, ABSOLUTE)

    Execution Region ER_IROM1 (Base: 0x08000000, Size: 0x00002e70, Max: 0x00100000, ABSOLUTE)

    Base Addr    Size         Type   Attr      Idx    E Section Name        Object

    0x08000000   0x00000188   Data   RO          140    RESET               startup_stm32l476xx.o
    0x08000188   0x00000008   Code   RO          535  * !!!main             c_w.l(__main.o)
    0x08000190   0x00000034   Code   RO          915    !!!scatter          c_w.l(__scatter.o)
    0x080001c4   0x0000001a   Code   RO          917    !!handler_copy      c_w.l(__scatter_copy.o)
    0x080001de   0x00000002   PAD
    0x080001e0   0x0000001c   Code   RO          919    !!handler_zi        c_w.l(__scatter_zi.o)
    0x080001fc   0x00000000   Code   RO          651    .ARM.Collect$$_printf_percent$$00000000  c_w.l(_printf_percent.o)
    0x080001fc   0x00000006   Code   RO          640    .ARM.Collect$$_printf_percent$$00000001  c_w.l(_printf_n.o)
    0x08000202   0x00000006   Code   RO          642    .ARM.Collect$$_printf_percent$$00000002  c_w.l(_printf_p.o)
    0x08000208   0x00000006   Code   RO          647    .ARM.Collect$$_printf_percent$$00000003  c_w.l(_printf_f.o)
    0x0800020e   0x00000006   Code   RO          648    .ARM.Collect$$_printf_percent$$00000004  c_w.l(_printf_e.o)
    0x08000214   0x00000006   Code   RO          649    .ARM.Collect$$_printf_percent$$00000005  c_w.l(_printf_g.o)
    0x0800021a   0x00000006   Code   RO          650    .ARM.Collect$$_printf_percent$$00000006  c_w.l(_printf_a.o)
    0x08000220   0x0000000a   Code   RO          655    .ARM.Collect$$_printf_percent$$00000007  c_w.l(_printf_ll.o)
    0x0800022a   0x00000006   Code   RO          644    .ARM.Collect$$_printf_percent$$00000008  c_w.l(_printf_i.o)
    0x08000230   0x00000006   Code   RO          645    .ARM.Collect$$_printf_percent$$00000009  c_w.l(_printf_d.o)
    0x08000236   0x00000006   Code   RO          646    .ARM.Collect$$_printf_percent$$0000000A  c_w.l(_printf_u.o)
    0x0800023c   0x00000006   Code   RO          643    .ARM.Collect$$_printf_percent$$0000000B  c_w.l(_printf_o.o)
    0x08000242   0x00000006   Code   RO          641    .ARM.Collect$$_printf_percent$$0000000C  c_w.l(_printf_x.o)
    0x08000248   0x00000006   Code   RO          652    .ARM.Collect$$_printf_percent$$0000000D  c_w.l(_printf_lli.o)
    0x0800024e   0x00000006   Code   RO          653    .ARM.Collect$$_printf_percent$$0000000E  c_w.l(_printf_lld.o)
    0x08000254   0x00000006   Code   RO          654    .ARM.Collect$$_printf_percent$$0000000F  c_w.l(_printf_llu.o)
    0x0800025a   0x00000006   Code   RO          659    .ARM.Collect$$_printf_percent$$00000010  c_w.l(_printf_llo.o)
    0x08000260   0x00000006   Code   RO          660    .ARM.Collect$$_printf_percent$$00000011  c_w.l(_printf_llx.o)
    0x08000266   0x0000000a   Code   RO          656    .ARM.Collect$$_printf_percent$$00000012  c_w.l(_printf_l.o)
    0x08000270   0x00000006   Code   RO          638    .ARM.Collect$$_printf_percent$$00000013  c_w.l(_printf_c.o)
    0x08000276   0x00000006   Code   RO          639    .ARM.Collect$$_printf_percent$$00000014  c_w.l(_printf_s.o)
    0x0800027c   0x00000006   Code   RO          657    .ARM.Collect$$_printf_percent$$00000015  c_w.l(_printf_lc.o)
    0x08000282   0x00000006   Code   RO          658    .ARM.Collect$$_printf_percent$$00000016  c_w.l(_printf_ls.o)
    0x08000288   0x00000004   Code   RO          767    .ARM.Collect$$_printf_percent$$00000017  c_w.l(_printf_percent_end.o)
    0x0800028c   0x00000002   Code   RO          847    .ARM.Collect$$libinit$$00000000  c_w.l(libinit.o)
    0x0800028e   0x00000004   Code   RO          669    .ARM.Collect$$libinit$$00000001  c_w.l(libinit2.o)
    0x08000292   0x00000000   Code   RO          672    .ARM.Collect$$libinit$$00000004  c_w.l(libinit2.o)
    0x08000292   0x00000008   Code   RO          673    .ARM.Collect$$libinit$$00000005  c_w.l(libinit2.o)
    0x0800029a   0x00000000   Code   RO          675    .ARM.Collect$$libinit$$0000000A  c_w.l(libinit2.o)
    0x0800029a   0x00000000   Code   RO          677    .ARM.Collect$$libinit$$0000000C  c_w.l(libinit2.o)
    0x0800029a   0x00000000   Code   RO          679    .ARM.Collect$$libinit$$0000000E  c_w.l(libinit2.o)
    0x0800029a   0x00000006   Code   RO          680    .ARM.Collect$$libinit$$0000000F  c_w.l(libinit2.o)
    0x080002a0   0x00000000   Code   RO          682    .ARM.Collect$$libinit$$00000011  c_w.l(libinit2.o)
    0x080002a0   0x0000000c   Code   RO          683    .ARM.Collect$$libinit$$00000012  c_w.l(libinit2.o)
    0x080002ac   0x00000000   Code   RO          684    .ARM.Collect$$libinit$$00000013  c_w.l(libinit2.o)
    0x080002ac   0x00000000   Code   RO          686    .ARM.Collect$$libinit$$00000015  c_w.l(libinit2.o)
    0x080002ac   0x0000000a   Code   RO          687    .ARM.Collect$$libinit$$00000016  c_w.l(libinit2.o)
    0x080002b6   0x00000000   Code   RO          688    .ARM.Collect$$libinit$$00000017  c_w.l(libinit2.o)
    0x080002b6   0x00000000   Code   RO          690    .ARM.Collect$$libinit$$00000019  c_w.l(libinit2.o)
    0x080002b6   0x00000000   Code   RO          692    .ARM.Collect$$libinit$$0000001B  c_w.l(libinit2.o)
    0x080002b6   0x00000000   Code   RO          694    .ARM.Collect$$libinit$$0000001D  c_w.l(libinit2.o)
    0x080002b6   0x00000000   Code   RO          696    .ARM.Collect$$libinit$$0000001F  c_w.l(libinit2.o)
    0x080002b6   0x00000000   Code   RO          698    .ARM.Collect$$libinit$$00000021  c_w.l(libinit2.o)
    0x080002b6   0x00000000   Code   RO          700    .ARM.Collect$$libinit$$00000023  c_w.l(libinit2.o)
    0x080002b6   0x00000000   Code   RO          702    .ARM.Collect$$libinit$$00000025  c_w.l(libinit2.o)
    0x080002b6   0x00000000   Code   RO          706    .ARM.Collect$$libinit$$0000002C  c_w.l(libinit2.o)
    0x080002b6   0x00000000   Code   RO          708    .ARM.Collect$$libinit$$0000002E  c_w.l(libinit2.o)
    0x080002b6   0x00000000   Code   RO          710    .ARM.Collect$$libinit$$00000030  c_w.l(libinit2.o)
    0x080002b6   0x00000000   Code   RO          712    .ARM.Collect$$libinit$$00000032  c_w.l(libinit2.o)
    0x080002b6   0x00000002   Code   RO          713    .ARM.Collect$$libinit$$00000033  c_w.l(libinit2.o)
    0x080002b8   0x00000002   Code   RO          912    .ARM.Collect$$libshutdown$$00000000  c_w.l(libshutdown.o)
    0x080002ba   0x00000000   Code   RO          868    .ARM.Collect$$libshutdown$$00000002  c_w.l(libshutdown2.o)
    0x080002ba   0x00000000   Code   RO          870    .ARM.Collect$$libshutdown$$00000004  c_w.l(libshutdown2.o)
    0x080002ba   0x00000000   Code   RO          873    .ARM.Collect$$libshutdown$$00000007  c_w.l(libshutdown2.o)
    0x080002ba   0x00000000   Code   RO          876    .ARM.Collect$$libshutdown$$0000000A  c_w.l(libshutdown2.o)
    0x080002ba   0x00000000   Code   RO          878    .ARM.Collect$$libshutdown$$0000000C  c_w.l(libshutdown2.o)
    0x080002ba   0x00000000   Code   RO          881    .ARM.Collect$$libshutdown$$0000000F  c_w.l(libshutdown2.o)
    0x080002ba   0x00000002   Code   RO          882    .ARM.Collect$$libshutdown$$00000010  c_w.l(libshutdown2.o)
    0x080002bc   0x00000000   Code   RO          539    .ARM.Collect$$rtentry$$00000000  c_w.l(__rtentry.o)
    0x080002bc   0x00000000   Code   RO          728    .ARM.Collect$$rtentry$$00000002  c_w.l(__rtentry2.o)
    0x080002bc   0x00000006   Code   RO          740    .ARM.Collect$$rtentry$$00000004  c_w.l(__rtentry4.o)
    0x080002c2   0x00000000   Code   RO          730    .ARM.Collect$$rtentry$$00000009  c_w.l(__rtentry2.o)
    0x080002c2   0x00000004   Code   RO          731    .ARM.Collect$$rtentry$$0000000A  c_w.l(__rtentry2.o)
    0x080002c6   0x00000000   Code   RO          733    .ARM.Collect$$rtentry$$0000000C  c_w.l(__rtentry2.o)
    0x080002c6   0x00000008   Code   RO          734    .ARM.Collect$$rtentry$$0000000D  c_w.l(__rtentry2.o)
    0x080002ce   0x00000002   Code   RO          855    .ARM.Collect$$rtexit$$00000000  c_w.l(rtexit.o)
    0x080002d0   0x00000000   Code   RO          886    .ARM.Collect$$rtexit$$00000002  c_w.l(rtexit2.o)
    0x080002d0   0x00000004   Code   RO          887    .ARM.Collect$$rtexit$$00000003  c_w.l(rtexit2.o)
    0x080002d4   0x00000006   Code   RO          888    .ARM.Collect$$rtexit$$00000004  c_w.l(rtexit2.o)
    0x080002da   0x00000002   PAD
    0x080002dc   0x00000000   Code   RO          746    .emb_text           c_w.l(maybetermalloc1.o)
    0x080002dc   0x00000084   Code   RO          141    .text               startup_stm32l476xx.o
    0x08000360   0x0000005e   Code   RO          461    .text               c_w.l(h1_alloc.o)
    0x080003be   0x0000004e   Code   RO          463    .text               c_w.l(h1_free.o)
    0x0800040c   0x00000024   Code   RO          519    .text               c_w.l(vsprintf.o)
    0x08000430   0x0000001a   Code   RO          521    .text               c_w.l(atoi.o)
    0x0800044a   0x0000001e   Code   RO          523    .text               c_w.l(strpbrk.o)
    0x08000468   0x00000048   Code   RO          525    .text               c_w.l(strcpy.o)
    0x080004b0   0x0000003e   Code   RO          527    .text               c_w.l(strlen.o)
    0x080004ee   0x00000018   Code   RO          529    .text               c_w.l(strcat.o)
    0x08000506   0x00000044   Code   RO          531    .text               c_w.l(rt_memclr.o)
    0x0800054a   0x00000006   Code   RO          533    .text               c_w.l(heapauxi.o)
    0x08000550   0x00000008   Code   RO          543    .text               c_w.l(rt_heap_descriptor_intlibspace.o)
    0x08000558   0x00000008   Code   RO          548    .text               c_w.l(rt_errno_addr_intlibspace.o)
    0x08000560   0x00000004   Code   RO          550    .text               c_w.l(hguard.o)
    0x08000564   0x0000008a   Code   RO          552    .text               c_w.l(init_alloc.o)
    0x080005ee   0x0000000e   Code   RO          556    .text               c_w.l(h1_init.o)
    0x080005fc   0x0000004e   Code   RO          572    .text               c_w.l(_printf_pad.o)
    0x0800064a   0x00000024   Code   RO          574    .text               c_w.l(_printf_truncate.o)
    0x0800066e   0x00000052   Code   RO          576    .text               c_w.l(_printf_str.o)
    0x080006c0   0x00000078   Code   RO          578    .text               c_w.l(_printf_dec.o)
    0x08000738   0x00000028   Code   RO          580    .text               c_w.l(_printf_charcount.o)
    0x08000760   0x00000030   Code   RO          582    .text               c_w.l(_printf_char_common.o)
    0x08000790   0x0000000a   Code   RO          584    .text               c_w.l(_sputc.o)
    0x0800079a   0x00000002   PAD
    0x0800079c   0x000000c2   Code   RO          586    .text               c_w.l(_printf_wctomb.o)
    0x0800085e   0x00000002   PAD
    0x08000860   0x0000007c   Code   RO          589    .text               c_w.l(_printf_longlong_dec.o)
    0x080008dc   0x00000070   Code   RO          595    .text               c_w.l(_printf_oct_int_ll.o)
    0x0800094c   0x00000094   Code   RO          615    .text               c_w.l(_printf_hex_int_ll_ptr.o)
    0x080009e0   0x0000018e   Code   RO          635    .text               c_w.l(__printf_flags_ss_wp.o)
    0x08000b6e   0x00000070   Code   RO          661    .text               c_w.l(strtol.o)
    0x08000bde   0x0000004e   Code   RO          665    .text               c_w.l(rt_memclr_w.o)
    0x08000c2c   0x00000008   Code   RO          724    .text               c_w.l(libspace.o)
    0x08000c34   0x00000010   Code   RO          742    .text               c_w.l(rt_ctype_table.o)
    0x08000c44   0x00000034   Code   RO          748    .text               c_w.l(h1_extend.o)
    0x08000c78   0x0000008a   Code   RO          752    .text               c_w.l(lludiv10.o)
    0x08000d02   0x000000b2   Code   RO          754    .text               c_w.l(_printf_intcommon.o)
    0x08000db4   0x00000420   Code   RO          756    .text               c_w.l(_printf_fp_dec.o)
    0x080011d4   0x00000302   Code   RO          758    .text               c_w.l(_printf_fp_hex.o)
    0x080014d6   0x0000002c   Code   RO          763    .text               c_w.l(_printf_char.o)
    0x08001502   0x0000002c   Code   RO          765    .text               c_w.l(_printf_wchar.o)
    0x0800152e   0x000000a4   Code   RO          768    .text               c_w.l(_strtoul.o)
    0x080015d2   0x00000040   Code   RO          770    .text               c_w.l(_wcrtomb.o)
    0x08001612   0x0000000e   Code   RO          772    .text               c_w.l(defsig_rtmem_outer.o)
    0x08001620   0x00000002   Code   RO          783    .text               c_w.l(use_no_semi.o)
    0x08001622   0x00000000   Code   RO          785    .text               c_w.l(indicate_semi.o)
    0x08001622   0x0000004a   Code   RO          786    .text               c_w.l(sys_stackheap_outer.o)
    0x0800166c   0x00000008   Code   RO          793    .text               c_w.l(rt_locale_intlibspace.o)
    0x08001674   0x00000080   Code   RO          797    .text               c_w.l(_printf_fp_infnan.o)
    0x080016f4   0x0000001c   Code   RO          799    .text               c_w.l(_chval.o)
    0x08001710   0x000000dc   Code   RO          801    .text               c_w.l(bigflt0.o)
    0x080017ec   0x00000012   Code   RO          832    .text               c_w.l(exit.o)
    0x080017fe   0x0000000a   Code   RO          834    .text               c_w.l(defsig_exit.o)
    0x08001808   0x00000050   Code   RO          836    .text               c_w.l(defsig_rtmem_inner.o)
    0x08001858   0x0000000c   Code   RO          853    .text               c_w.l(sys_exit.o)
    0x08001864   0x00000032   Code   RO          863    .text               c_w.l(defsig_general.o)
    0x08001896   0x00000002   PAD
    0x08001898   0x00000080   Code   RO          865    .text               c_w.l(strcmpv7m.o)
    0x08001918   0x0000000e   Code   RO          883    .text               c_w.l(sys_wrch.o)
    0x08001926   0x0000003e   Code   RO          804    CL$$btod_d2e        c_w.l(btod.o)
    0x08001964   0x00000046   Code   RO          806    CL$$btod_d2e_denorm_low  c_w.l(btod.o)
    0x080019aa   0x00000060   Code   RO          805    CL$$btod_d2e_norm_op1  c_w.l(btod.o)
    0x08001a0a   0x00000338   Code   RO          814    CL$$btod_div_common  c_w.l(btod.o)
    0x08001d42   0x000000c6   Code   RO          811    CL$$btod_e2e        c_w.l(btod.o)
    0x08001e08   0x00000028   Code   RO          808    CL$$btod_ediv       c_w.l(btod.o)
    0x08001e30   0x00000028   Code   RO          807    CL$$btod_emul       c_w.l(btod.o)
    0x08001e58   0x00000244   Code   RO          813    CL$$btod_mult_common  c_w.l(btod.o)
    0x0800209c   0x0000009c   Code   RO          151    i.LED_Init          led.o
    0x08002138   0x00000184   Code   RO          208    i.System_Clock_Init  sysclock.o
    0x080022bc   0x00000074   Code   RO          232    i.UART2_GPIO_Init   uart.o
    0x08002330   0x00000040   Code   RO          233    i.UART2_Init        uart.o
    0x08002370   0x00000014   Code   RO          234    i.USART_Delay       uart.o
    0x08002384   0x000000b4   Code   RO          236    i.USART_Init        uart.o
    0x08002438   0x00000014   Code   RO          237    i.USART_Read        uart.o
    0x0800244c   0x00000040   Code   RO          238    i.USART_Write       uart.o
    0x0800248c   0x00000030   Code   RO          851    i.__ARM_fpclassify  m_wm.l(fpclassify.o)
    0x080024bc   0x0000000e   Code   RO          628    i._is_digit         c_w.l(__printf_wp.o)
    0x080024ca   0x00000002   PAD
    0x080024cc   0x00000050   Code   RO            4    i.check_for_continuation  main.o
    0x0800251c   0x00000018   Code   RO          401    i.check_for_valid_input  helper.o
    0x08002534   0x00000010   Code   RO            5    i.clear_results     main.o
    0x08002544   0x00000020   Code   RO          402    i.exit_program      helper.o
    0x08002564   0x00000008   Code   RO          292    i.get_current_measurement  timer.o
    0x0800256c   0x00000008   Code   RO          293    i.get_current_time  timer.o
    0x08002574   0x00000222   Code   RO            6    i.get_user_input    main.o
    0x08002796   0x00000002   PAD
    0x08002798   0x00000034   Code   RO          434    i.gpio_init         gpio.o
    0x080027cc   0x00000030   Code   RO            7    i.main              main.o
    0x080027fc   0x0000000c   Code   RO          294    i.measurement_detected  timer.o
    0x08002808   0x00000098   Code   RO            8    i.post              main.o
    0x080028a0   0x000000b0   Code   RO            9    i.post_failed       main.o
    0x08002950   0x00000078   Code   RO           10    i.print_results     main.o
    0x080029c8   0x00000012   Code   RO          295    i.start_capture     timer.o
    0x080029da   0x00000010   Code   RO          296    i.stop_capture      timer.o
    0x080029ea   0x00000002   PAD
    0x080029ec   0x00000090   Code   RO           11    i.take_measurements  main.o
    0x08002a7c   0x00000040   Code   RO          297    i.timer_init        timer.o
    0x08002abc   0x00000010   Code   RO          349    i.usart_read_simple  usart_helper.o
    0x08002acc   0x00000028   Code   RO          350    i.usart_real_time_write  usart_helper.o
    0x08002af4   0x00000028   Code   RO          351    i.usart_write_data_string  usart_helper.o
    0x08002b1c   0x0000004c   Code   RO          352    i.usart_write_simple  usart_helper.o
    0x08002b68   0x0000002c   Code   RO          827    locale$$code        c_w.l(lc_ctype_c.o)
    0x08002b94   0x0000002c   Code   RO          830    locale$$code        c_w.l(lc_numeric_c.o)
    0x08002bc0   0x0000000a   Code   RO          781    x$fpl$fpinit        fz_wm.l(fpinit.o)
    0x08002bca   0x00000004   Code   RO          714    x$fpl$printf1       fz_wm.l(printf1.o)
    0x08002bce   0x00000004   Code   RO          716    x$fpl$printf2       fz_wm.l(printf2.o)
    0x08002bd2   0x00000000   Code   RO          850    x$fpl$usenofp       fz_wm.l(usenofp.o)
    0x08002bd2   0x00000002   PAD
    0x08002bd4   0x00000008   Data   RO          587    .constdata          c_w.l(_printf_wctomb.o)
    0x08002bdc   0x00000028   Data   RO          616    .constdata          c_w.l(_printf_hex_int_ll_ptr.o)
    0x08002c04   0x00000011   Data   RO          636    .constdata          c_w.l(__printf_flags_ss_wp.o)
    0x08002c15   0x00000026   Data   RO          759    .constdata          c_w.l(_printf_fp_hex.o)
    0x08002c3b   0x00000001   PAD
    0x08002c3c   0x00000094   Data   RO          802    .constdata          c_w.l(bigflt0.o)
    0x08002cd0   0x00000051   Data   RO           13    .conststring        main.o
    0x08002d21   0x00000003   PAD
    0x08002d24   0x00000020   Data   RO          913    Region$$Table       anon$$obj.o
    0x08002d44   0x00000110   Data   RO          826    locale$$data        c_w.l(lc_ctype_c.o)
    0x08002e54   0x0000001c   Data   RO          829    locale$$data        c_w.l(lc_numeric_c.o)


    Execution Region RW_IRAM1 (Base: 0x20000000, Size: 0x00000738, Max: 0x00018000, ABSOLUTE)

    Base Addr    Size         Type   Attr      Idx    E Section Name        Object

    0x20000000   0x00000008   Data   RW           14    .data               main.o
    0x20000008   0x000000ca   Zero   RW           12    .bss                main.o
    0x200000d2   0x00000002   PAD
    0x200000d4   0x00000060   Zero   RW          725    .bss                c_w.l(libspace.o)
    0x20000134   0x00000004   PAD
    0x20000138   0x00000200   Zero   RW          139    HEAP                startup_stm32l476xx.o
    0x20000338   0x00000400   Zero   RW          138    STACK               startup_stm32l476xx.o


==============================================================================

Image component sizes


      Code (inc. data)   RO Data    RW Data    ZI Data      Debug   Object Name

        52          4          0          0          0        440   gpio.o
        56         22          0          0          0       1107   helper.o
       156         12          0          0          0        479   led.o
      1282        528         81          8        202     302092   main.o
       132         42        392          0       1536        848   startup_stm32l476xx.o
       388          8          0          0          0        636   sysclock.o
       126          6          0          0          0       2760   timer.o
       464         32          0          0          0       3453   uart.o
       172         24          0          0          0       2955   usart_helper.o

    ----------------------------------------------------------------------
      2832        678        508          8       1740     314770   Object Totals
         0          0         32          0          0          0   (incl. Generated)
         4          0          3          0          2          0   (incl. Padding)

    ----------------------------------------------------------------------

      Code (inc. data)   RO Data    RW Data    ZI Data      Debug   Library Member Name

         8          0          0          0          0         68   __main.o
       398          4         17          0          0         92   __printf_flags_ss_wp.o
        14          0          0          0          0         68   __printf_wp.o
         0          0          0          0          0          0   __rtentry.o
        12          0          0          0          0          0   __rtentry2.o
         6          0          0          0          0          0   __rtentry4.o
        52          8          0          0          0          0   __scatter.o
        26          0          0          0          0          0   __scatter_copy.o
        28          0          0          0          0          0   __scatter_zi.o
        28          0          0          0          0         68   _chval.o
         6          0          0          0          0          0   _printf_a.o
         6          0          0          0          0          0   _printf_c.o
        44          0          0          0          0        108   _printf_char.o
        48          6          0          0          0         96   _printf_char_common.o
        40          0          0          0          0         68   _printf_charcount.o
         6          0          0          0          0          0   _printf_d.o
       120         16          0          0          0         92   _printf_dec.o
         6          0          0          0          0          0   _printf_e.o
         6          0          0          0          0          0   _printf_f.o
      1056          0          0          0          0        216   _printf_fp_dec.o
       770          8         38          0          0        100   _printf_fp_hex.o
       128         16          0          0          0         84   _printf_fp_infnan.o
         6          0          0          0          0          0   _printf_g.o
       148          4         40          0          0        160   _printf_hex_int_ll_ptr.o
         6          0          0          0          0          0   _printf_i.o
       178          0          0          0          0         88   _printf_intcommon.o
        10          0          0          0          0          0   _printf_l.o
         6          0          0          0          0          0   _printf_lc.o
        10          0          0          0          0          0   _printf_ll.o
         6          0          0          0          0          0   _printf_lld.o
         6          0          0          0          0          0   _printf_lli.o
         6          0          0          0          0          0   _printf_llo.o
         6          0          0          0          0          0   _printf_llu.o
         6          0          0          0          0          0   _printf_llx.o
       124         16          0          0          0         92   _printf_longlong_dec.o
         6          0          0          0          0          0   _printf_ls.o
         6          0          0          0          0          0   _printf_n.o
         6          0          0          0          0          0   _printf_o.o
       112          8          0          0          0        124   _printf_oct_int_ll.o
         6          0          0          0          0          0   _printf_p.o
        78          0          0          0          0        108   _printf_pad.o
         0          0          0          0          0          0   _printf_percent.o
         4          0          0          0          0          0   _printf_percent_end.o
         6          0          0          0          0          0   _printf_s.o
        82          0          0          0          0         80   _printf_str.o
        36          0          0          0          0         84   _printf_truncate.o
         6          0          0          0          0          0   _printf_u.o
        44          0          0          0          0        108   _printf_wchar.o
       194          6          8          0          0         92   _printf_wctomb.o
         6          0          0          0          0          0   _printf_x.o
        10          0          0          0          0         68   _sputc.o
       164          0          0          0          0         92   _strtoul.o
        64          0          0          0          0         92   _wcrtomb.o
        26          0          0          0          0         80   atoi.o
       220          4        148          0          0         96   bigflt0.o
      1910        128          0          0          0        672   btod.o
        10          0          0          0          0         68   defsig_exit.o
        50          0          0          0          0         88   defsig_general.o
        80         58          0          0          0         76   defsig_rtmem_inner.o
        14          0          0          0          0         80   defsig_rtmem_outer.o
        18          0          0          0          0         80   exit.o
        94          0          0          0          0         80   h1_alloc.o
        52          0          0          0          0         68   h1_extend.o
        78          0          0          0          0         80   h1_free.o
        14          0          0          0          0         84   h1_init.o
         6          0          0          0          0        152   heapauxi.o
         4          0          0          0          0        136   hguard.o
         0          0          0          0          0          0   indicate_semi.o
       138          0          0          0          0        168   init_alloc.o
        44         10        272          0          0         76   lc_ctype_c.o
        44         10         28          0          0         76   lc_numeric_c.o
         2          0          0          0          0          0   libinit.o
        42          0          0          0          0          0   libinit2.o
         2          0          0          0          0          0   libshutdown.o
         2          0          0          0          0          0   libshutdown2.o
         8          4          0          0         96         68   libspace.o
       138          0          0          0          0         80   lludiv10.o
         0          0          0          0          0          0   maybetermalloc1.o
        16          4          0          0          0         76   rt_ctype_table.o
         8          4          0          0          0         68   rt_errno_addr_intlibspace.o
         8          4          0          0          0         68   rt_heap_descriptor_intlibspace.o
         8          4          0          0          0         68   rt_locale_intlibspace.o
        68          0          0          0          0         68   rt_memclr.o
        78          0          0          0          0         80   rt_memclr_w.o
         2          0          0          0          0          0   rtexit.o
        10          0          0          0          0          0   rtexit2.o
        24          0          0          0          0         68   strcat.o
       128          0          0          0          0         68   strcmpv7m.o
        72          0          0          0          0         80   strcpy.o
        62          0          0          0          0         76   strlen.o
        30          0          0          0          0         76   strpbrk.o
       112          0          0          0          0         88   strtol.o
        12          4          0          0          0         68   sys_exit.o
        74          0          0          0          0         80   sys_stackheap_outer.o
        14          0          0          0          0         76   sys_wrch.o
         2          0          0          0          0         68   use_no_semi.o
        36          4          0          0          0         76   vsprintf.o
        10          0          0          0          0        116   fpinit.o
         4          0          0          0          0        116   printf1.o
         4          0          0          0          0        116   printf2.o
         0          0          0          0          0          0   usenofp.o
        48          0          0          0          0        124   fpclassify.o

    ----------------------------------------------------------------------
      7996        330        552          0        100       6280   Library Totals
        14          0          1          0          4          0   (incl. Padding)

    ----------------------------------------------------------------------

      Code (inc. data)   RO Data    RW Data    ZI Data      Debug   Library Name

      7916        330        551          0         96       5808   c_w.l
        18          0          0          0          0        348   fz_wm.l
        48          0          0          0          0        124   m_wm.l

    ----------------------------------------------------------------------
      7996        330        552          0        100       6280   Library Totals

    ----------------------------------------------------------------------

==============================================================================


      Code (inc. data)   RO Data    RW Data    ZI Data      Debug   

     10828       1008       1060          8       1840     315022   Grand Totals
     10828       1008       1060          8       1840     315022   ELF Image Totals
     10828       1008       1060          8          0          0   ROM Totals

==============================================================================

    Total RO  Size (Code + RO Data)                11888 (  11.61kB)
    Total RW  Size (RW Data + ZI Data)              1848 (   1.80kB)
    Total ROM Size (Code + RO Data + RW Data)      11896 (  11.62kB)

==============================================================================

